// Jest Snapshot v1, https://goo.gl/fbAQLP

exports[`Keys should render correctly 1`] = `ShallowWrapper {}`;
